536
3070
923
2988
3051
1418
4764
444
4764
3495
1942
4930
1146
4151
10132
3637
9259
2564
985
8327
2938
8674
12927
