130
49
465
354
638
943
882
410
409
126
240
776
681
369
575
525
825
561
829
615
331
413
464
551
807
361
233
180
202
186
817
460
869
433
569
314
213
462
337
543
215
963
67
586
239
