6058
1188
2405
1136
256
6188
1475
256
2465
1444
1950
1950
1950
2023
124
2240
1901
4331
4331
2568
5134
2566
4469
1027
647
5496
1700
3712
789
7264
16472
20803
20706
924
2606
838
2762
1990
1990
1669
990
18200
7301
11121
21306
2885
12438
14442
1584
1313
2889
2889
19287
22393
2309
13884
1844
1163
26045
28378
2283
19293
2574
2767
221
563
22586
20728
572
15687
1956
1813
2382
5060
2218
1883
6809
6809
16435
959
16338
1627
1131
959
13046
13559
1236
6043
6043
4039
1178
1178
13046
2861
8284
2004
