500 455 96 393 133 483 33 117 169 140 407 156 114 423 148 128 398 276 468 361 500 423 189 204 56 386 49 216 271 17 147 8 325 255 474 358 217 225 314 248 55 47 239 33 33 448 454 106 445 422 68 3 121 80 248 160 301 7 360 123 383 230 309 457 289 412 132 429 429 69 100 326 228 367 326 394 246 240 228 90 288 156 41 323 229 192 72 300 16 299 428 414 420 303 168 485 446 357 209 432 79 445 409 196 405 245 131 483 350 290 335 386 314 475 361 39 339 397 137 391 164 471 451 13 41 499 342 323 394 267 446 21 189 94 201 284 265 395 358 331 146 113 138 470 119 8 397 421 397 483 316 41 378 122 341 295 458 33 105 216 491 195 267 383 272 147 414 146 245 192 35 303 237 338 435 347 278 331 101 296 385 336 225 363 56 79 81 261 399 264 192 255 471 494 51 52 468 180 334 22 4 383 497 66 262 127 258 93 149 193 456 408 67 52 87 394 304 20 307 279 50 60 140 415 15 496 185 465 472 76 79 93 27 246 502 150 458 496 135 253 142 83 186 7 82 284 247 339 417
