16 90 66 38 74 35 32 77 5 46 21 11 6 29 1 48 15 46 1 36 3 4 27 64 65 83 86 18 35 42 86 76 63 39 20 53 46 71 54 72 30 44 44 65 47 82 57 30 6 37 63 36 7 81 86 72 36 36 15 19 32 56 15 54 81 36 53 53 74 23 86 90 84 6 17 1 15 18 59 30 34 53 14 35 87 63 46 52 52 76 69 24 70 32 52 77 73 25 1 29 74 80 34 11 7 46 64 67 87 67 58 55 78 89 43 77 41 25 39 18 51 57 9 76 68 54 89 59 16 22 52 52 42 49 21 30 87 15 88 19 11 44 51 31 80 24 14 75 34 58 42 63 4 16 44 6 45 34 56 71 42 53 8 66 14 64 84 17 48 15 35 82 67 13 24 28 53 41 3 62 50 42 36 14 75 25 32 79 32 60 3 74 63 70 22 36 5 54 23 46 76 74 30 26 27 11 68 85 62 70 47 56 36 65 61 15 74 70 73 38 74 33
