170 35 55 10 5 148 64 80 34 170 25 93 108 136 112 176 127 29 90 18 97 146 122 152 19 12 33 98 53 110 116 48 126 102 129 101 83 26 60 160 8 48 31 89 146 57 4 142 78 99 59 46 170 45 66 112 158 62 167 57 107 179 66 95 18 171 65 150 150 115 80 161 57 112 107 26 132 123 20 179 93 104 104 142 59 20 163 10 33 120 153 101 4 78 126 96 180 119 65 23 18 149 69 23 162 73 56 170 159 132 115 12 151 58 71 120 177 88 27 32 46 139 85 182 13 7 3 13 102 147 138 120 14 130 179 45 22 112 162 117 173 121 150 78 152 5 136 97 131 8 108 15 128 71 175 137 9 123 11 55 19 25 42 152 4 143 119 104 23 116 136 53 59 41 53 46 152 141 73 38 165 162 62 92 6 134 114 77 65 71 23 64 82 116 96 171 86 177 77 166 15 7 102 130 141 42 168 53 91 56 4 135 96 124 35 23 24 171 109 18 140 101 7 89 53 164 24 127 128 21 165 121 177 174 146 181 126 80 180 62 100 157 28 177 101 48 128 140 7 101 157 43 21 155 105
