201 464 730 237 541 275 376 417 94 42 361 660 2 374 531 177 564 257
