9
-30 -14
-10 -27
-5 -29
23 -24
30 -20
28 4
3 30
-30 22
-26 18
