9
-25 0
-24 -16
-21 -22
13 -25
28 -6
28 20
-12 4
25 22
-10 25
