8
-28 25
-22 8
-10 -25
29 -23
30 2
17 9
29 11
24 27
