8
-29 -10
-26 -26
1 -29
5 -26
27 4
28 26
21 26
10 29
