4
-100000000 -100000000
99999998 99999999
100000000 100000000
-100000000 100000000
