8
-26 -23
-8 -29
21 -25
28 -20
27 12
-2 23
0 13
-17 19
