10
-34 -12
-24 -33
-4 -33
13 -26
30 -10
26 14
-16 31
-29 31
20 -1
-30 28
