7
-37 -37
22 -32
40 -19
35 40
-18 39
-12 18
-37 38
