13
-44 34
-40 -40
-37 -43
-31 -44
-22 -44
33 -40
37 -38
39 -27
40 12
36 18
31 27
14 37
-33 41
