11
-50 23
-46 -13
-43 -35
-8 -42
45 -46
48 -26
36 34
1 33
20 45
-16 49
-48 39
