12
-49 -5
-42 -42
-27 20
-39 -52
14 -54
44 -55
55 -16
55 45
9 55
-8 55
-30 54
-47 49
