9
-58 24
-54 -54
24 -58
54 -43
60 27
58 58
-23 60
-54 36
-40 -30
