12
-62 5
-60 -37
-48 -61
47 -54
58 -12
62 26
60 56
26 62
-41 61
1 -15
-48 58
-61 16
