11
-70 -38
-19 11
-63 -49
-17 -69
24 -65
68 -59
67 37
56 51
9 67
-62 56
-68 31
