11
-69 -63
-41 -67
3 -70
67 -73
-30 -58
74 -72
75 9
72 44
65 54
-24 73
-69 65
