9
-34 -45
4 -48
35 -46
41 -30
45 -10
44 49
-32 50
-20 -20
-34 42
