9
-55 -32
-25 -60
30 -58
52 -54
54 -49
60 20
26 60
-9 55
-38 56
