9
-66 45
-65 -54
-47 -63
35 -64
65 -53
65 59
-45 69
4 -5
-51 68
