12
-85 -51
-82 -79
-63 -82
-34 -83
5 -82
62 -72
84 -59
74 74
-3 37
39 83
-50 85
-85 60
