10
-90 -90
52 -90
-58 -53
87 -86
87 -36
82 68
-9 86
-60 77
-83 46
-90 -35
