11
-298 91
-235 -239
-128 -275
-23 -301
270 -290
304 -168
303 184
286 296
-232 283
-277 192
-187 -100
