16
-318 -60
-308 -197
-270 -274
-134 -301
-81 -310
205 -307
256 -154
305 58
299 175
85 57
278 213
230 292
168 313
-111 316
-265 298
-314 186
