15
-325 -308
-210 -314
-35 -322
145 -328
245 -325
312 -247
323 -153
328 -17
322 237
279 295
28 107
270 301
56 327
-35 325
-316 302
