14
-317 184
-297 -214
-268 -263
-160 -316
-90 -340
260 -332
335 -321
329 -240
338 -319
325 47
313 288
-5 330
-212 339
-314 225
