15
-344 -245
-238 -326
-208 -337
-189 -340
-44 -342
248 -324
303 -173
201 -170
313 -133
338 136
314 262
255 316
20 342
-204 339
-342 219
