29
-99997364 -33331829
-99989964 -71142990
-99981442 -95477920
-99728151 -99986280
-8950428 -99998539
80024051 -99998552
99224607 -99997171
99822480 -99643597
99928472 -97583543
99969421 -82594658
99981582 -75098251
99998167 -19678622
99997619 12137432
99992765 93014826
99947432 94128463
99614070 99833433
94687184 99941894
92435288 99958805
3519774 99990725
-33000209 99998721
-93328274 99980931
-98530109 99919122
-99372442 99850017
20707116 39919053
-99697806 99802548
-99807691 99310651
-99913372 93017589
-99988641 87104134
-99996805 1231106
