31
-99996788 47232940
-99992765 -96755540
-99814642 -98238309
-99667574 -99070220
-99512315 -99410089
-98632241 -99888992
-82373631 -99995733
78877657 -99996898
99445509 -99988647
99720039 -99115273
99958989 -96965007
99994154 -88100248
99998038 -25683618
99993631 53770527
99945417 96323061
99887565 97641667
99454190 99107871
99278897 99593518
99050435 99698890
95647741 99960533
93355218 99963472
41671446 99998195
-41846919 99999704
-85655666 99981020
-95866274 99975246
-97588671 99951338
-99883860 99047459
-1455163 -34412755
-99899282 98919462
-99955381 95732737
-99993692 75413741
