35
-99995406 39638973
-99992734 -59152241
-99990957 -64633867
-99967902 -86565752
-99916458 -99717510
-99101818 -99761855
-98005426 -99819240
-82736689 -99988126
-71309815 -99998096
80879044 -99999357
91916853 -99959669
95460097 -99876865
97089512 -99776146
99625314 -99466704
99980632 -97915001
99986331 -96074038
99995248 -37287260
99985076 68595611
99960508 95321106
99804336 97776319
99712446 98825717
99613751 99925228
45352436 29893444
99225714 99956283
97404723 99960469
74125809 99994505
64078959 99999254
18358488 99998673
-15593403 99996580
-98477753 99964006
-99051621 99915442
-99739326 99190829
-99769498 98748954
-99815786 96803336
-99981139 89507061
