29
-99998946 67441922
-99998634 -46129430
-99995358 -74910409
-99983565 -87517908
-99957311 -91478381
-99897868 -99757518
-95998530 -99917805
-94151624 -99959189
-71386003 -99983319
-2587491 -99996712
42207205 -99996964
93522253 -99988819
99839065 -99918359
99993479 -96222615
99996673 77029695
99919067 97626763
99846704 98787624
99635456 99649896
43184485 -53366869
99340425 99939945
95023371 99983990
93873126 99988970
20895393 99995498
-46213238 99997575
-87050041 99995618
-92969198 99994076
-99128873 99879799
-99951044 97357989
-99998434 71911548
