30
-99995932 -30709461
-99990196 -80623638
-99978473 -96129537
-99888115 -97689201
-99675637 -99236653
-98909817 -99828491
-91235294 -83027804
-98838959 -99871641
-98508622 -99991382
-97646268 -99997995
91286828 -99993842
97144216 -99714359
99742212 -99432676
99931659 -99171062
99980873 -94217086
99992862 -81345252
99998883 -40329031
99998700 -8543591
99997203 99892445
94478284 99999942
-24341943 99997157
-67120490 99993489
-91475380 99990834
-97270886 99927309
-98616544 99840673
-99105431 99786449
-99804789 97970265
-99984511 94877748
-99987179 87821349
-99994896 -10850466
