29
-99996870 33969153
-99992905 -46455116
-99984899 -94504296
-99821298 -98709259
-99628588 -99371602
-98481049 -99687233
-91072457 -99995790
6860537 -99996793
86386214 -99992038
97669010 -99791497
98713079 -99571797
99804221 -98291483
99963455 -94481961
99988718 -82077166
99999132 47193539
99972268 85811296
99807248 97188682
99537823 98883249
99018455 99650509
14856735 85367052
97770759 99970023
38133301 99994623
-73054492 99987804
-80174884 99965706
-92341014 99895167
-97108341 99808986
-99909705 98783741
-99930178 95275648
-99986848 84040319
