38
-99999645 72152745
-99998646 -13695026
-99994784 -68993284
-99986995 -86700498
-99973549 -97806218
-99669643 -98930678
-98789438 -99645814
-97791920 -99956871
-91532685 -99993226
-87831600 -99994342
-30607640 -99999629
-25216961 -99999649
72969444 -99991066
89188143 -99983027
98470066 -99952226
99307850 -99916431
99515247 -99697609
-16826605 -18874120
99573004 -99578459
99754631 -99074893
99924000 -95589185
99999857 -93359266
99999039 64185072
99978498 88447309
99958509 90108216
99816892 98085188
99488793 99508513
98720254 99702685
95614994 99965362
81540483 99984977
67282262 99994404
55868420 99994913
-67947383 99994952
-76758376 99986094
-79262225 99979382
-99394383 99853851
-99659898 99555991
-99992484 94863513
