40 59
69 30
18 81
64 35
7 92
45 54
56 43
38 61
10 89
48 51
23 76
1 98
83 16
84 15
94 5
71 28
39 60
0 99
30 69
66 33
21 78
14 85
54 45
31 68
47 52
73 26
55 44
93 6
53 46
26 73
60 39
65 34
89 10
43 56
15 84
16 83
50 49
80 19
20 79
68 31
74 25
88 11
95 4
62 37
36 63
77 22
98 1
61 38
78 21
9 90
87 12
33 66
27 72
99 0
58 41
4 95
37 62
86 13
46 53
63 36
8 91
49 50
11 88
5 94
44 55
81 18
32 67
70 29
17 82
34 65
3 96
52 47
57 42
91 8
24 75
51 48
25 74
12 87
6 93
22 77
29 70
2 97
42 57
59 40
41 58
82 17
28 71
75 24
76 23
72 27
67 32
13 86
19 80
96 3
92 7
79 20
90 9
97 2
85 14
35 64
